select mol_adjust_query_properties(mol_from_ctab('alkquery.mol
Generated by WebMolKit

  0  0  0     0  0            999 V3000
M  V30 BEGIN CTAB
M  V30 COUNTS 2 1 1 0 1
M  V30 BEGIN ATOM
M  V30 1 O 7.4214 -9.6318 0.0000 0
M  V30 2 * 8.5430 -10.2809 0.0000 0
M  V30 END ATOM
M  V30 BEGIN BOND
M  V30 1 1 1 2
M  V30 END BOND
M  V30 BEGIN SGROUP
M  V30 1 SUP 0 LABEL=ALK ATOMS=(1 2)
M  V30 END SGROUP
M  V30 END CTAB
M  END'), '{"setGenericQueryFromProperties": true, "adjustDegree":false}') <<@ 'c1c(OF)cccc1';
 ?column? 
----------
 f
(1 row)

select mol_adjust_query_properties(mol_from_ctab('alkquery.mol
Generated by WebMolKit

  0  0  0     0  0            999 V3000
M  V30 BEGIN CTAB
M  V30 COUNTS 2 1 1 0 1
M  V30 BEGIN ATOM
M  V30 1 O 7.4214 -9.6318 0.0000 0
M  V30 2 * 8.5430 -10.2809 0.0000 0
M  V30 END ATOM
M  V30 BEGIN BOND
M  V30 1 1 1 2
M  V30 END BOND
M  V30 BEGIN SGROUP
M  V30 1 SUP 0 LABEL=ALK ATOMS=(1 2)
M  V30 END SGROUP
M  V30 END CTAB
M  END'), '{"setGenericQueryFromProperties": false, "adjustDegree":false}') <@ 'c1c(OF)cccc1';
 ?column? 
----------
 t
(1 row)

select mol_adjust_query_properties(mol_from_ctab('alkquery.mol
Generated by WebMolKit

  0  0  0     0  0            999 V3000
M  V30 BEGIN CTAB
M  V30 COUNTS 2 1 1 0 1
M  V30 BEGIN ATOM
M  V30 1 O 7.4214 -9.6318 0.0000 0
M  V30 2 * 8.5430 -10.2809 0.0000 0
M  V30 END ATOM
M  V30 BEGIN BOND
M  V30 1 1 1 2
M  V30 END BOND
M  V30 BEGIN SGROUP
M  V30 1 SUP 0 LABEL=CYC ATOMS=(1 2)
M  V30 END SGROUP
M  V30 END CTAB
M  END'), '{"setGenericQueryFromProperties": true, "adjustDegree":false}') <<@ 'c1c(OF)cccc1';
 ?column? 
----------
 t
(1 row)

select mol_adjust_query_properties(mol_from_ctab('alkquery.mol
Generated by WebMolKit

  0  0  0     0  0            999 V3000
M  V30 BEGIN CTAB
M  V30 COUNTS 2 1 1 0 1
M  V30 BEGIN ATOM
M  V30 1 O 7.4214 -9.6318 0.0000 0
M  V30 2 * 8.5430 -10.2809 0.0000 0
M  V30 END ATOM
M  V30 BEGIN BOND
M  V30 1 1 1 2
M  V30 END BOND
M  V30 BEGIN SGROUP
M  V30 1 SUP 0 LABEL=CYC ATOMS=(1 2)
M  V30 END SGROUP
M  V30 END CTAB
M  END'), '{"setGenericQueryFromProperties": false, "adjustDegree":false}') <@ 'c1c(OF)cccc1';
 ?column? 
----------
 t
(1 row)

