CREATE INDEX fpidx ON pgsfp USING gist (f gist_sfp_low_ops);
SET rdkit.tanimoto_threshold = 0.6;
SET rdkit.dice_threshold = 0.6;
SET enable_indexscan=off;
SET enable_bitmapscan=off;
SET enable_seqscan=on;
SELECT
    id, tanimoto_sml(morgan_fp('O=C1CC(OC2=CC=CC=C12)C1=CC=CC=C1'::mol, 1), f) AS sml
FROM
	pgsfp
WHERE morgan_fp('O=C1CC(OC2=CC=CC=C12)C1=CC=CC=C1'::mol, 1) % f
ORDER BY sml DESC, id;
 id | sml 
----+-----
(0 rows)

SELECT
    id, dice_sml(morgan_fp('O=C1CC(OC2=CC=CC=C12)C1=CC=CC=C1'::mol, 1), f) AS sml
FROM
	pgsfp
WHERE morgan_fp('O=C1CC(OC2=CC=CC=C12)C1=CC=CC=C1'::mol, 1) # f
ORDER BY sml DESC, id;
   id    |        sml        
---------+-------------------
  659725 | 0.685714285714286
   63248 | 0.648648648648649
 6266272 | 0.641025641025641
 5359275 | 0.638888888888889
 5718138 | 0.638888888888889
  917183 | 0.628571428571429
  161167 | 0.621621621621622
  230488 | 0.621621621621622
  328013 | 0.621621621621622
  564008 | 0.619047619047619
 2910597 | 0.615384615384615
 3963948 | 0.615384615384615
 5407397 | 0.615384615384615
 3784792 | 0.613636363636364
 3096571 | 0.609756097560976
  801655 | 0.605263157894737
 3157044 | 0.605263157894737
  807628 |               0.6
(18 rows)

SET enable_indexscan=on;
SET enable_bitmapscan=on;
SET enable_seqscan=off;
SELECT
    id, tanimoto_sml(morgan_fp('O=C1CC(OC2=CC=CC=C12)C1=CC=CC=C1'::mol, 1), f) AS sml
FROM
	pgsfp
WHERE morgan_fp('O=C1CC(OC2=CC=CC=C12)C1=CC=CC=C1'::mol, 1) % f
ORDER BY sml DESC, id;
 id | sml 
----+-----
(0 rows)

SELECT
    id, dice_sml(morgan_fp('O=C1CC(OC2=CC=CC=C12)C1=CC=CC=C1'::mol, 1), f) AS sml
FROM
	pgsfp
WHERE morgan_fp('O=C1CC(OC2=CC=CC=C12)C1=CC=CC=C1'::mol, 1) # f
ORDER BY sml DESC, id;
   id    |        sml        
---------+-------------------
  659725 | 0.685714285714286
   63248 | 0.648648648648649
 6266272 | 0.641025641025641
 5359275 | 0.638888888888889
 5718138 | 0.638888888888889
  917183 | 0.628571428571429
  161167 | 0.621621621621622
  230488 | 0.621621621621622
  328013 | 0.621621621621622
  564008 | 0.619047619047619
 2910597 | 0.615384615384615
 3963948 | 0.615384615384615
 5407397 | 0.615384615384615
 3784792 | 0.613636363636364
 3096571 | 0.609756097560976
  801655 | 0.605263157894737
 3157044 | 0.605263157894737
  807628 |               0.6
(18 rows)

SET enable_indexscan=on;
SET enable_bitmapscan=on;
SET enable_seqscan=on;
DROP INDEX fpidx;
